mode: set
github.com/shayonj/loraplex/internal/proxy/body.go:19.79,21.16 2 0
github.com/shayonj/loraplex/internal/proxy/body.go:21.16,23.3 1 0
github.com/shayonj/loraplex/internal/proxy/body.go:24.2,28.19 3 0
github.com/shayonj/loraplex/internal/proxy/body.go:28.19,30.55 2 0
github.com/shayonj/loraplex/internal/proxy/body.go:30.55,31.38 1 0
github.com/shayonj/loraplex/internal/proxy/body.go:31.38,33.43 2 0
github.com/shayonj/loraplex/internal/proxy/body.go:33.43,35.6 1 0
github.com/shayonj/loraplex/internal/proxy/body.go:40.2,42.16 2 0
github.com/shayonj/loraplex/internal/proxy/body.go:43.15,44.28 1 0
github.com/shayonj/loraplex/internal/proxy/body.go:45.10,46.28 1 0
github.com/shayonj/loraplex/internal/proxy/body.go:49.2,49.43 1 0
github.com/shayonj/loraplex/internal/proxy/body.go:49.43,51.3 1 0
github.com/shayonj/loraplex/internal/proxy/body.go:53.2,53.18 1 0
github.com/shayonj/loraplex/internal/proxy/proxy.go:38.34,49.2 1 0
github.com/shayonj/loraplex/internal/proxy/proxy.go:51.67,55.16 3 0
github.com/shayonj/loraplex/internal/proxy/proxy.go:55.16,58.3 2 0
github.com/shayonj/loraplex/internal/proxy/proxy.go:60.2,60.51 1 0
github.com/shayonj/loraplex/internal/proxy/proxy.go:60.51,64.3 3 0
github.com/shayonj/loraplex/internal/proxy/proxy.go:66.2,69.29 3 0
github.com/shayonj/loraplex/internal/proxy/proxy.go:69.29,72.17 3 0
github.com/shayonj/loraplex/internal/proxy/proxy.go:72.17,75.4 2 0
github.com/shayonj/loraplex/internal/proxy/proxy.go:75.9,81.4 5 0
github.com/shayonj/loraplex/internal/proxy/proxy.go:84.2,84.23 1 0
github.com/shayonj/loraplex/internal/proxy/proxy.go:84.23,86.3 1 0
github.com/shayonj/loraplex/internal/proxy/proxy.go:88.2,89.16 2 0
github.com/shayonj/loraplex/internal/proxy/proxy.go:89.16,91.21 2 0
github.com/shayonj/loraplex/internal/proxy/proxy.go:91.21,95.4 3 0
github.com/shayonj/loraplex/internal/proxy/proxy.go:96.3,97.9 2 0
github.com/shayonj/loraplex/internal/proxy/proxy.go:100.2,101.20 2 0
github.com/shayonj/loraplex/internal/proxy/proxy.go:101.20,103.3 1 0
github.com/shayonj/loraplex/internal/proxy/proxy.go:103.8,103.34 1 0
github.com/shayonj/loraplex/internal/proxy/proxy.go:103.34,105.3 1 0
github.com/shayonj/loraplex/internal/proxy/proxy.go:106.2,109.61 3 0
github.com/shayonj/loraplex/internal/proxy/proxy.go:112.82,117.16 4 0
github.com/shayonj/loraplex/internal/proxy/proxy.go:117.16,120.3 2 0
github.com/shayonj/loraplex/internal/proxy/proxy.go:121.2,121.32 1 0
github.com/shayonj/loraplex/internal/proxy/proxy.go:121.32,122.26 1 0
github.com/shayonj/loraplex/internal/proxy/proxy.go:122.26,124.4 1 0
github.com/shayonj/loraplex/internal/proxy/proxy.go:126.2,130.16 4 0
github.com/shayonj/loraplex/internal/proxy/proxy.go:130.16,131.23 1 0
github.com/shayonj/loraplex/internal/proxy/proxy.go:131.23,133.4 1 0
github.com/shayonj/loraplex/internal/proxy/proxy.go:134.3,135.9 2 0
github.com/shayonj/loraplex/internal/proxy/proxy.go:137.2,139.35 2 0
github.com/shayonj/loraplex/internal/proxy/proxy.go:139.35,140.26 1 0
github.com/shayonj/loraplex/internal/proxy/proxy.go:140.26,142.4 1 0
github.com/shayonj/loraplex/internal/proxy/proxy.go:144.2,146.76 2 0
github.com/shayonj/loraplex/internal/proxy/proxy.go:146.76,148.9 2 0
github.com/shayonj/loraplex/internal/proxy/proxy.go:148.9,150.8 2 0
github.com/shayonj/loraplex/internal/proxy/proxy.go:150.8,152.14 2 0
github.com/shayonj/loraplex/internal/proxy/proxy.go:152.14,155.6 2 0
github.com/shayonj/loraplex/internal/proxy/proxy.go:156.5,156.23 1 0
github.com/shayonj/loraplex/internal/proxy/proxy.go:156.23,157.11 1 0
github.com/shayonj/loraplex/internal/proxy/proxy.go:160.4,160.10 1 0
github.com/shayonj/loraplex/internal/proxy/proxy.go:163.2,163.23 1 0
github.com/shayonj/loraplex/internal/routing/forwarder.go:20.92,28.2 1 1
github.com/shayonj/loraplex/internal/routing/forwarder.go:37.77,38.17 1 1
github.com/shayonj/loraplex/internal/routing/forwarder.go:38.17,40.3 1 1
github.com/shayonj/loraplex/internal/routing/forwarder.go:42.2,43.42 2 1
github.com/shayonj/loraplex/internal/routing/forwarder.go:43.42,45.3 1 1
github.com/shayonj/loraplex/internal/routing/forwarder.go:47.2,47.31 1 1
github.com/shayonj/loraplex/internal/routing/forwarder.go:47.31,49.3 1 1
github.com/shayonj/loraplex/internal/routing/forwarder.go:51.2,51.41 1 1
github.com/shayonj/loraplex/internal/routing/forwarder.go:55.141,58.16 3 1
github.com/shayonj/loraplex/internal/routing/forwarder.go:58.16,60.3 1 0
github.com/shayonj/loraplex/internal/routing/forwarder.go:61.2,61.31 1 1
github.com/shayonj/loraplex/internal/routing/forwarder.go:61.31,62.26 1 0
github.com/shayonj/loraplex/internal/routing/forwarder.go:62.26,64.4 1 0
github.com/shayonj/loraplex/internal/routing/forwarder.go:66.2,69.16 3 1
github.com/shayonj/loraplex/internal/routing/forwarder.go:69.16,71.3 1 1
github.com/shayonj/loraplex/internal/routing/forwarder.go:72.2,72.18 1 1
github.com/shayonj/loraplex/internal/routing/forwarder.go:76.157,78.18 2 1
github.com/shayonj/loraplex/internal/routing/forwarder.go:78.18,80.3 1 1
github.com/shayonj/loraplex/internal/routing/forwarder.go:82.2,83.16 2 1
github.com/shayonj/loraplex/internal/routing/forwarder.go:83.16,85.3 1 0
github.com/shayonj/loraplex/internal/routing/forwarder.go:87.2,88.48 2 1
github.com/shayonj/loraplex/internal/routing/forwarder.go:88.48,90.3 1 1
github.com/shayonj/loraplex/internal/routing/forwarder.go:92.2,92.62 1 1
github.com/shayonj/loraplex/internal/routing/forwarder.go:96.63,97.35 1 0
github.com/shayonj/loraplex/internal/routing/forwarder.go:97.35,98.26 1 0
github.com/shayonj/loraplex/internal/routing/forwarder.go:98.26,100.4 1 0
github.com/shayonj/loraplex/internal/routing/forwarder.go:102.2,104.19 3 0
github.com/shayonj/loraplex/internal/routing/ring.go:28.56,34.2 1 1
github.com/shayonj/loraplex/internal/routing/ring.go:36.39,43.29 5 1
github.com/shayonj/loraplex/internal/routing/ring.go:43.29,45.34 2 1
github.com/shayonj/loraplex/internal/routing/ring.go:45.34,48.4 2 1
github.com/shayonj/loraplex/internal/routing/ring.go:51.2,51.43 1 1
github.com/shayonj/loraplex/internal/routing/ring.go:51.43,53.3 1 1
github.com/shayonj/loraplex/internal/routing/ring.go:57.40,61.24 3 1
github.com/shayonj/loraplex/internal/routing/ring.go:61.24,63.3 1 1
github.com/shayonj/loraplex/internal/routing/ring.go:65.2,66.53 2 1
github.com/shayonj/loraplex/internal/routing/ring.go:66.53,68.3 1 1
github.com/shayonj/loraplex/internal/routing/ring.go:69.2,69.26 1 1
github.com/shayonj/loraplex/internal/routing/ring.go:69.26,71.3 1 1
github.com/shayonj/loraplex/internal/routing/ring.go:72.2,73.22 2 1
github.com/shayonj/loraplex/internal/routing/ring.go:77.56,81.24 3 1
github.com/shayonj/loraplex/internal/routing/ring.go:81.24,83.3 1 1
github.com/shayonj/loraplex/internal/routing/ring.go:85.2,86.53 2 1
github.com/shayonj/loraplex/internal/routing/ring.go:86.53,88.3 1 1
github.com/shayonj/loraplex/internal/routing/ring.go:90.2,91.27 2 1
github.com/shayonj/loraplex/internal/routing/ring.go:91.27,94.19 3 1
github.com/shayonj/loraplex/internal/routing/ring.go:94.19,96.4 1 1
github.com/shayonj/loraplex/internal/routing/ring.go:97.3,97.9 1 1
github.com/shayonj/loraplex/internal/routing/ring.go:99.2,99.12 1 1
github.com/shayonj/loraplex/internal/routing/ring.go:102.40,103.17 1 1
github.com/shayonj/loraplex/internal/routing/ring.go:103.17,105.3 1 1
github.com/shayonj/loraplex/internal/routing/ring.go:106.2,106.28 1 1
github.com/shayonj/loraplex/internal/routing/ring.go:109.30,111.2 1 0
github.com/shayonj/loraplex/internal/routing/ring.go:113.32,117.2 3 1
github.com/shayonj/loraplex/internal/routing/ring.go:119.32,123.28 4 1
github.com/shayonj/loraplex/internal/routing/ring.go:123.28,125.3 1 1
github.com/shayonj/loraplex/internal/routing/ring.go:126.2,126.12 1 1
github.com/shayonj/loraplex/internal/routing/ring.go:129.58,132.32 3 1
github.com/shayonj/loraplex/internal/routing/ring.go:132.32,134.3 1 1
github.com/shayonj/loraplex/internal/routing/ring.go:137.43,145.2 7 1
github.com/shayonj/loraplex/internal/routing/ring.go:147.34,150.2 2 1
github.com/shayonj/loraplex/internal/proxy/body.go:19.79,21.16 2 1
github.com/shayonj/loraplex/internal/proxy/body.go:21.16,23.3 1 0
github.com/shayonj/loraplex/internal/proxy/body.go:24.2,28.19 3 1
github.com/shayonj/loraplex/internal/proxy/body.go:28.19,30.55 2 1
github.com/shayonj/loraplex/internal/proxy/body.go:30.55,31.38 1 1
github.com/shayonj/loraplex/internal/proxy/body.go:31.38,33.43 2 1
github.com/shayonj/loraplex/internal/proxy/body.go:33.43,35.6 1 1
github.com/shayonj/loraplex/internal/proxy/body.go:40.2,42.16 2 1
github.com/shayonj/loraplex/internal/proxy/body.go:43.15,44.28 1 1
github.com/shayonj/loraplex/internal/proxy/body.go:45.10,46.28 1 0
github.com/shayonj/loraplex/internal/proxy/body.go:49.2,49.43 1 1
github.com/shayonj/loraplex/internal/proxy/body.go:49.43,51.3 1 1
github.com/shayonj/loraplex/internal/proxy/body.go:53.2,53.18 1 1
github.com/shayonj/loraplex/internal/proxy/proxy.go:38.34,49.2 1 0
github.com/shayonj/loraplex/internal/proxy/proxy.go:51.67,55.16 3 0
github.com/shayonj/loraplex/internal/proxy/proxy.go:55.16,58.3 2 0
github.com/shayonj/loraplex/internal/proxy/proxy.go:60.2,60.51 1 0
github.com/shayonj/loraplex/internal/proxy/proxy.go:60.51,64.3 3 0
github.com/shayonj/loraplex/internal/proxy/proxy.go:66.2,69.29 3 0
github.com/shayonj/loraplex/internal/proxy/proxy.go:69.29,72.17 3 0
github.com/shayonj/loraplex/internal/proxy/proxy.go:72.17,75.4 2 0
github.com/shayonj/loraplex/internal/proxy/proxy.go:75.9,81.4 5 0
github.com/shayonj/loraplex/internal/proxy/proxy.go:84.2,84.23 1 0
github.com/shayonj/loraplex/internal/proxy/proxy.go:84.23,86.3 1 0
github.com/shayonj/loraplex/internal/proxy/proxy.go:88.2,89.16 2 0
github.com/shayonj/loraplex/internal/proxy/proxy.go:89.16,91.21 2 0
github.com/shayonj/loraplex/internal/proxy/proxy.go:91.21,95.4 3 0
github.com/shayonj/loraplex/internal/proxy/proxy.go:96.3,97.9 2 0
github.com/shayonj/loraplex/internal/proxy/proxy.go:100.2,101.20 2 0
github.com/shayonj/loraplex/internal/proxy/proxy.go:101.20,103.3 1 0
github.com/shayonj/loraplex/internal/proxy/proxy.go:103.8,103.34 1 0
github.com/shayonj/loraplex/internal/proxy/proxy.go:103.34,105.3 1 0
github.com/shayonj/loraplex/internal/proxy/proxy.go:106.2,109.61 3 0
github.com/shayonj/loraplex/internal/proxy/proxy.go:112.82,117.16 4 0
github.com/shayonj/loraplex/internal/proxy/proxy.go:117.16,120.3 2 0
github.com/shayonj/loraplex/internal/proxy/proxy.go:121.2,121.32 1 0
github.com/shayonj/loraplex/internal/proxy/proxy.go:121.32,122.26 1 0
github.com/shayonj/loraplex/internal/proxy/proxy.go:122.26,124.4 1 0
github.com/shayonj/loraplex/internal/proxy/proxy.go:126.2,130.16 4 0
github.com/shayonj/loraplex/internal/proxy/proxy.go:130.16,131.23 1 0
github.com/shayonj/loraplex/internal/proxy/proxy.go:131.23,133.4 1 0
github.com/shayonj/loraplex/internal/proxy/proxy.go:134.3,135.9 2 0
github.com/shayonj/loraplex/internal/proxy/proxy.go:137.2,139.35 2 0
github.com/shayonj/loraplex/internal/proxy/proxy.go:139.35,140.26 1 0
github.com/shayonj/loraplex/internal/proxy/proxy.go:140.26,142.4 1 0
github.com/shayonj/loraplex/internal/proxy/proxy.go:144.2,146.76 2 0
github.com/shayonj/loraplex/internal/proxy/proxy.go:146.76,148.9 2 0
github.com/shayonj/loraplex/internal/proxy/proxy.go:148.9,150.8 2 0
github.com/shayonj/loraplex/internal/proxy/proxy.go:150.8,152.14 2 0
github.com/shayonj/loraplex/internal/proxy/proxy.go:152.14,155.6 2 0
github.com/shayonj/loraplex/internal/proxy/proxy.go:156.5,156.23 1 0
github.com/shayonj/loraplex/internal/proxy/proxy.go:156.23,157.11 1 0
github.com/shayonj/loraplex/internal/proxy/proxy.go:160.4,160.10 1 0
github.com/shayonj/loraplex/internal/proxy/proxy.go:163.2,163.23 1 0
github.com/shayonj/loraplex/internal/routing/forwarder.go:20.92,28.2 1 0
github.com/shayonj/loraplex/internal/routing/forwarder.go:37.77,38.17 1 0
github.com/shayonj/loraplex/internal/routing/forwarder.go:38.17,40.3 1 0
github.com/shayonj/loraplex/internal/routing/forwarder.go:42.2,43.42 2 0
github.com/shayonj/loraplex/internal/routing/forwarder.go:43.42,45.3 1 0
github.com/shayonj/loraplex/internal/routing/forwarder.go:47.2,47.31 1 0
github.com/shayonj/loraplex/internal/routing/forwarder.go:47.31,49.3 1 0
github.com/shayonj/loraplex/internal/routing/forwarder.go:51.2,51.41 1 0
github.com/shayonj/loraplex/internal/routing/forwarder.go:55.141,58.16 3 0
github.com/shayonj/loraplex/internal/routing/forwarder.go:58.16,60.3 1 0
github.com/shayonj/loraplex/internal/routing/forwarder.go:61.2,61.31 1 0
github.com/shayonj/loraplex/internal/routing/forwarder.go:61.31,62.26 1 0
github.com/shayonj/loraplex/internal/routing/forwarder.go:62.26,64.4 1 0
github.com/shayonj/loraplex/internal/routing/forwarder.go:66.2,69.16 3 0
github.com/shayonj/loraplex/internal/routing/forwarder.go:69.16,71.3 1 0
github.com/shayonj/loraplex/internal/routing/forwarder.go:72.2,72.18 1 0
github.com/shayonj/loraplex/internal/routing/forwarder.go:76.157,78.18 2 0
github.com/shayonj/loraplex/internal/routing/forwarder.go:78.18,80.3 1 0
github.com/shayonj/loraplex/internal/routing/forwarder.go:82.2,83.16 2 0
github.com/shayonj/loraplex/internal/routing/forwarder.go:83.16,85.3 1 0
github.com/shayonj/loraplex/internal/routing/forwarder.go:87.2,88.48 2 0
github.com/shayonj/loraplex/internal/routing/forwarder.go:88.48,90.3 1 0
github.com/shayonj/loraplex/internal/routing/forwarder.go:92.2,92.62 1 0
github.com/shayonj/loraplex/internal/routing/forwarder.go:96.63,97.35 1 0
github.com/shayonj/loraplex/internal/routing/forwarder.go:97.35,98.26 1 0
github.com/shayonj/loraplex/internal/routing/forwarder.go:98.26,100.4 1 0
github.com/shayonj/loraplex/internal/routing/forwarder.go:102.2,104.19 3 0
github.com/shayonj/loraplex/internal/routing/ring.go:28.56,34.2 1 0
github.com/shayonj/loraplex/internal/routing/ring.go:36.39,43.29 5 0
github.com/shayonj/loraplex/internal/routing/ring.go:43.29,45.34 2 0
github.com/shayonj/loraplex/internal/routing/ring.go:45.34,48.4 2 0
github.com/shayonj/loraplex/internal/routing/ring.go:51.2,51.43 1 0
github.com/shayonj/loraplex/internal/routing/ring.go:51.43,53.3 1 0
github.com/shayonj/loraplex/internal/routing/ring.go:57.40,61.24 3 0
github.com/shayonj/loraplex/internal/routing/ring.go:61.24,63.3 1 0
github.com/shayonj/loraplex/internal/routing/ring.go:65.2,66.53 2 0
github.com/shayonj/loraplex/internal/routing/ring.go:66.53,68.3 1 0
github.com/shayonj/loraplex/internal/routing/ring.go:69.2,69.26 1 0
github.com/shayonj/loraplex/internal/routing/ring.go:69.26,71.3 1 0
github.com/shayonj/loraplex/internal/routing/ring.go:72.2,73.22 2 0
github.com/shayonj/loraplex/internal/routing/ring.go:77.56,81.24 3 0
github.com/shayonj/loraplex/internal/routing/ring.go:81.24,83.3 1 0
github.com/shayonj/loraplex/internal/routing/ring.go:85.2,86.53 2 0
github.com/shayonj/loraplex/internal/routing/ring.go:86.53,88.3 1 0
github.com/shayonj/loraplex/internal/routing/ring.go:90.2,91.27 2 0
github.com/shayonj/loraplex/internal/routing/ring.go:91.27,94.19 3 0
github.com/shayonj/loraplex/internal/routing/ring.go:94.19,96.4 1 0
github.com/shayonj/loraplex/internal/routing/ring.go:97.3,97.9 1 0
github.com/shayonj/loraplex/internal/routing/ring.go:99.2,99.12 1 0
github.com/shayonj/loraplex/internal/routing/ring.go:102.40,103.17 1 0
github.com/shayonj/loraplex/internal/routing/ring.go:103.17,105.3 1 0
github.com/shayonj/loraplex/internal/routing/ring.go:106.2,106.28 1 0
github.com/shayonj/loraplex/internal/routing/ring.go:109.30,111.2 1 0
github.com/shayonj/loraplex/internal/routing/ring.go:113.32,117.2 3 0
github.com/shayonj/loraplex/internal/routing/ring.go:119.32,123.28 4 0
github.com/shayonj/loraplex/internal/routing/ring.go:123.28,125.3 1 0
github.com/shayonj/loraplex/internal/routing/ring.go:126.2,126.12 1 0
github.com/shayonj/loraplex/internal/routing/ring.go:129.58,132.32 3 0
github.com/shayonj/loraplex/internal/routing/ring.go:132.32,134.3 1 0
github.com/shayonj/loraplex/internal/routing/ring.go:137.43,145.2 7 0
github.com/shayonj/loraplex/internal/routing/ring.go:147.34,150.2 2 0
github.com/shayonj/loraplex/internal/proxy/body.go:19.79,21.16 2 1
github.com/shayonj/loraplex/internal/proxy/body.go:21.16,23.3 1 0
github.com/shayonj/loraplex/internal/proxy/body.go:24.2,28.19 3 1
github.com/shayonj/loraplex/internal/proxy/body.go:28.19,30.55 2 1
github.com/shayonj/loraplex/internal/proxy/body.go:30.55,31.38 1 1
github.com/shayonj/loraplex/internal/proxy/body.go:31.38,33.43 2 1
github.com/shayonj/loraplex/internal/proxy/body.go:33.43,35.6 1 1
github.com/shayonj/loraplex/internal/proxy/body.go:40.2,42.16 2 1
github.com/shayonj/loraplex/internal/proxy/body.go:43.15,44.28 1 1
github.com/shayonj/loraplex/internal/proxy/body.go:45.10,46.28 1 0
github.com/shayonj/loraplex/internal/proxy/body.go:49.2,49.43 1 1
github.com/shayonj/loraplex/internal/proxy/body.go:49.43,51.3 1 0
github.com/shayonj/loraplex/internal/proxy/body.go:53.2,53.18 1 1
github.com/shayonj/loraplex/internal/proxy/proxy.go:38.34,49.2 1 1
github.com/shayonj/loraplex/internal/proxy/proxy.go:51.67,55.16 3 1
github.com/shayonj/loraplex/internal/proxy/proxy.go:55.16,58.3 2 0
github.com/shayonj/loraplex/internal/proxy/proxy.go:60.2,60.51 1 1
github.com/shayonj/loraplex/internal/proxy/proxy.go:60.51,64.3 3 1
github.com/shayonj/loraplex/internal/proxy/proxy.go:66.2,69.29 3 1
github.com/shayonj/loraplex/internal/proxy/proxy.go:69.29,72.17 3 1
github.com/shayonj/loraplex/internal/proxy/proxy.go:72.17,75.4 2 1
github.com/shayonj/loraplex/internal/proxy/proxy.go:75.9,81.4 5 1
github.com/shayonj/loraplex/internal/proxy/proxy.go:84.2,84.23 1 1
github.com/shayonj/loraplex/internal/proxy/proxy.go:84.23,86.3 1 1
github.com/shayonj/loraplex/internal/proxy/proxy.go:88.2,89.16 2 1
github.com/shayonj/loraplex/internal/proxy/proxy.go:89.16,91.21 2 0
github.com/shayonj/loraplex/internal/proxy/proxy.go:91.21,95.4 3 0
github.com/shayonj/loraplex/internal/proxy/proxy.go:96.3,97.9 2 0
github.com/shayonj/loraplex/internal/proxy/proxy.go:100.2,101.20 2 1
github.com/shayonj/loraplex/internal/proxy/proxy.go:101.20,103.3 1 1
github.com/shayonj/loraplex/internal/proxy/proxy.go:103.8,103.34 1 1
github.com/shayonj/loraplex/internal/proxy/proxy.go:103.34,105.3 1 0
github.com/shayonj/loraplex/internal/proxy/proxy.go:106.2,109.61 3 1
github.com/shayonj/loraplex/internal/proxy/proxy.go:112.82,117.16 4 1
github.com/shayonj/loraplex/internal/proxy/proxy.go:117.16,120.3 2 0
github.com/shayonj/loraplex/internal/proxy/proxy.go:121.2,121.32 1 1
github.com/shayonj/loraplex/internal/proxy/proxy.go:121.32,122.26 1 1
github.com/shayonj/loraplex/internal/proxy/proxy.go:122.26,124.4 1 1
github.com/shayonj/loraplex/internal/proxy/proxy.go:126.2,130.16 4 1
github.com/shayonj/loraplex/internal/proxy/proxy.go:130.16,131.23 1 0
github.com/shayonj/loraplex/internal/proxy/proxy.go:131.23,133.4 1 0
github.com/shayonj/loraplex/internal/proxy/proxy.go:134.3,135.9 2 0
github.com/shayonj/loraplex/internal/proxy/proxy.go:137.2,139.35 2 1
github.com/shayonj/loraplex/internal/proxy/proxy.go:139.35,140.26 1 1
github.com/shayonj/loraplex/internal/proxy/proxy.go:140.26,142.4 1 1
github.com/shayonj/loraplex/internal/proxy/proxy.go:144.2,146.76 2 1
github.com/shayonj/loraplex/internal/proxy/proxy.go:146.76,148.9 2 0
github.com/shayonj/loraplex/internal/proxy/proxy.go:148.9,150.8 2 0
github.com/shayonj/loraplex/internal/proxy/proxy.go:150.8,152.14 2 0
github.com/shayonj/loraplex/internal/proxy/proxy.go:152.14,155.6 2 0
github.com/shayonj/loraplex/internal/proxy/proxy.go:156.5,156.23 1 0
github.com/shayonj/loraplex/internal/proxy/proxy.go:156.23,157.11 1 0
github.com/shayonj/loraplex/internal/proxy/proxy.go:160.4,160.10 1 0
github.com/shayonj/loraplex/internal/proxy/proxy.go:163.2,163.23 1 1
github.com/shayonj/loraplex/internal/routing/forwarder.go:20.92,28.2 1 1
github.com/shayonj/loraplex/internal/routing/forwarder.go:37.77,38.17 1 1
github.com/shayonj/loraplex/internal/routing/forwarder.go:38.17,40.3 1 1
github.com/shayonj/loraplex/internal/routing/forwarder.go:42.2,43.42 2 1
github.com/shayonj/loraplex/internal/routing/forwarder.go:43.42,45.3 1 1
github.com/shayonj/loraplex/internal/routing/forwarder.go:47.2,47.31 1 1
github.com/shayonj/loraplex/internal/routing/forwarder.go:47.31,49.3 1 1
github.com/shayonj/loraplex/internal/routing/forwarder.go:51.2,51.41 1 1
github.com/shayonj/loraplex/internal/routing/forwarder.go:55.141,58.16 3 1
github.com/shayonj/loraplex/internal/routing/forwarder.go:58.16,60.3 1 0
github.com/shayonj/loraplex/internal/routing/forwarder.go:61.2,61.31 1 1
github.com/shayonj/loraplex/internal/routing/forwarder.go:61.31,62.26 1 1
github.com/shayonj/loraplex/internal/routing/forwarder.go:62.26,64.4 1 1
github.com/shayonj/loraplex/internal/routing/forwarder.go:66.2,69.16 3 1
github.com/shayonj/loraplex/internal/routing/forwarder.go:69.16,71.3 1 1
github.com/shayonj/loraplex/internal/routing/forwarder.go:72.2,72.18 1 1
github.com/shayonj/loraplex/internal/routing/forwarder.go:76.157,78.18 2 1
github.com/shayonj/loraplex/internal/routing/forwarder.go:78.18,80.3 1 0
github.com/shayonj/loraplex/internal/routing/forwarder.go:82.2,83.16 2 1
github.com/shayonj/loraplex/internal/routing/forwarder.go:83.16,85.3 1 1
github.com/shayonj/loraplex/internal/routing/forwarder.go:87.2,88.48 2 1
github.com/shayonj/loraplex/internal/routing/forwarder.go:88.48,90.3 1 1
github.com/shayonj/loraplex/internal/routing/forwarder.go:92.2,92.62 1 0
github.com/shayonj/loraplex/internal/routing/forwarder.go:96.63,97.35 1 1
github.com/shayonj/loraplex/internal/routing/forwarder.go:97.35,98.26 1 1
github.com/shayonj/loraplex/internal/routing/forwarder.go:98.26,100.4 1 1
github.com/shayonj/loraplex/internal/routing/forwarder.go:102.2,104.19 3 1
github.com/shayonj/loraplex/internal/routing/ring.go:28.56,34.2 1 1
github.com/shayonj/loraplex/internal/routing/ring.go:36.39,43.29 5 1
github.com/shayonj/loraplex/internal/routing/ring.go:43.29,45.34 2 1
github.com/shayonj/loraplex/internal/routing/ring.go:45.34,48.4 2 1
github.com/shayonj/loraplex/internal/routing/ring.go:51.2,51.43 1 1
github.com/shayonj/loraplex/internal/routing/ring.go:51.43,53.3 1 1
github.com/shayonj/loraplex/internal/routing/ring.go:57.40,61.24 3 1
github.com/shayonj/loraplex/internal/routing/ring.go:61.24,63.3 1 0
github.com/shayonj/loraplex/internal/routing/ring.go:65.2,66.53 2 1
github.com/shayonj/loraplex/internal/routing/ring.go:66.53,68.3 1 1
github.com/shayonj/loraplex/internal/routing/ring.go:69.2,69.26 1 1
github.com/shayonj/loraplex/internal/routing/ring.go:69.26,71.3 1 0
github.com/shayonj/loraplex/internal/routing/ring.go:72.2,73.22 2 1
github.com/shayonj/loraplex/internal/routing/ring.go:77.56,81.24 3 1
github.com/shayonj/loraplex/internal/routing/ring.go:81.24,83.3 1 0
github.com/shayonj/loraplex/internal/routing/ring.go:85.2,86.53 2 1
github.com/shayonj/loraplex/internal/routing/ring.go:86.53,88.3 1 1
github.com/shayonj/loraplex/internal/routing/ring.go:90.2,91.27 2 1
github.com/shayonj/loraplex/internal/routing/ring.go:91.27,94.19 3 1
github.com/shayonj/loraplex/internal/routing/ring.go:94.19,96.4 1 1
github.com/shayonj/loraplex/internal/routing/ring.go:97.3,97.9 1 1
github.com/shayonj/loraplex/internal/routing/ring.go:99.2,99.12 1 0
github.com/shayonj/loraplex/internal/routing/ring.go:102.40,103.17 1 1
github.com/shayonj/loraplex/internal/routing/ring.go:103.17,105.3 1 0
github.com/shayonj/loraplex/internal/routing/ring.go:106.2,106.28 1 1
github.com/shayonj/loraplex/internal/routing/ring.go:109.30,111.2 1 0
github.com/shayonj/loraplex/internal/routing/ring.go:113.32,117.2 3 0
github.com/shayonj/loraplex/internal/routing/ring.go:119.32,123.28 4 1
github.com/shayonj/loraplex/internal/routing/ring.go:123.28,125.3 1 1
github.com/shayonj/loraplex/internal/routing/ring.go:126.2,126.12 1 1
github.com/shayonj/loraplex/internal/routing/ring.go:129.58,132.32 3 1
github.com/shayonj/loraplex/internal/routing/ring.go:132.32,134.3 1 1
github.com/shayonj/loraplex/internal/routing/ring.go:137.43,145.2 7 1
github.com/shayonj/loraplex/internal/routing/ring.go:147.34,150.2 2 1
